inklingmod\powers\inkPower.class
inklingmod\util\GeneralUtils.class
inklingmod\powers\inkRecoveryPower.class
inklingmod\cards\SplatBomb.class
inklingmod\cards\Inkzooka.class
inklingmod\util\TextureLoader$1.class
inklingmod\potions\BasePotion.class
inklingmod\cards\BaseCard$1.class
inklingmod\cards\BaseCard.class
inklingmod\cards\BaseCard$LocalVarInfo.class
inklingmod\cards\booyahBomb.class
inklingmod\character\InklingCharacter.class
inklingmod\util\Sounds.class
inklingmod\cards\evasiveMovement.class
inklingmod\inklingMod.class
inklingmod\cards\mainInkRecovery.class
inklingmod\cards\coldBlooded.class
inklingmod\relics\refillSpecialist.class
inklingmod\cards\defenseUp.class
inklingmod\relics\inkTank.class
inklingmod\relics\megaInkTank.class
inklingmod\cards\damageUp.class
inklingmod\cards\stickIntoInk.class
inklingmod\cards\BaseCard$QuickDynamicVariable.class
inklingmod\powers\BasePower.class
inklingmod\relics\ultimateWeapon.class
inklingmod\util\CardStats.class
inklingmod\potions\inkPotion.class
inklingmod\cards\killerWail.class
inklingmod\cards\burstBomb.class
inklingmod\cards\splatRoller.class
inklingmod\util\TriFunction.class
inklingmod\cards\BaseCard$VariableType.class
inklingmod\util\KeywordInfo.class
inklingmod\relics\inkMotivator.class
inklingmod\character\InklingCharacter$1.class
inklingmod\cards\splashWall.class
inklingmod\cards\Refill.class
inklingmod\util\EasyXCostAction.class
inklingmod\cards\Strike.class
inklingmod\Messages.class
inklingmod\cards\flowState.class
inklingmod\cards\aggressiveMovement.class
inklingmod\relics\BaseRelic$1.class
inklingmod\cards\superJump.class
inklingmod\cards\gather.class
inklingmod\powers\evasiveMovementPower.class
inklingmod\Tags.class
inklingmod\cards\Defend.class
inklingmod\util\GashActionFlow.class
inklingmod\relics\BaseRelic.class
inklingmod\cards\quickSwim.class
inklingmod\util\specialFunctions.class
inklingmod\powers\aggressiveMovementPower.class
inklingmod\cards\preparation.class
inklingmod\cards\runSpeedUp.class
inklingmod\cards\Search.class
inklingmod\relics\inkSaver.class
inklingmod\relics\inkVial.class
inklingmod\cards\splashDown.class
inklingmod\relics\motivatedFlowState.class
inklingmod\util\TextureLoader.class
inklingmod\character\InklingCharacter$Meta.class
