C:\Users\bigjo\Documents\STS Custom character stuff\Inkling\mod\BasicMod-character\src\main\java\inklingmod\cards\aggressiveMovement.java
C:\Users\bigjo\Documents\STS Custom character stuff\Inkling\mod\BasicMod-character\src\main\java\inklingmod\cards\BaseCard.java
C:\Users\bigjo\Documents\STS Custom character stuff\Inkling\mod\BasicMod-character\src\main\java\inklingmod\cards\booyahBomb.java
C:\Users\bigjo\Documents\STS Custom character stuff\Inkling\mod\BasicMod-character\src\main\java\inklingmod\cards\burstBomb.java
C:\Users\bigjo\Documents\STS Custom character stuff\Inkling\mod\BasicMod-character\src\main\java\inklingmod\cards\coldBlooded.java
C:\Users\bigjo\Documents\STS Custom character stuff\Inkling\mod\BasicMod-character\src\main\java\inklingmod\cards\damageUp.java
C:\Users\bigjo\Documents\STS Custom character stuff\Inkling\mod\BasicMod-character\src\main\java\inklingmod\cards\Defend.java
C:\Users\bigjo\Documents\STS Custom character stuff\Inkling\mod\BasicMod-character\src\main\java\inklingmod\cards\defenseUp.java
C:\Users\bigjo\Documents\STS Custom character stuff\Inkling\mod\BasicMod-character\src\main\java\inklingmod\cards\evasiveMovement.java
C:\Users\bigjo\Documents\STS Custom character stuff\Inkling\mod\BasicMod-character\src\main\java\inklingmod\cards\flowState.java
C:\Users\bigjo\Documents\STS Custom character stuff\Inkling\mod\BasicMod-character\src\main\java\inklingmod\cards\gather.java
C:\Users\bigjo\Documents\STS Custom character stuff\Inkling\mod\BasicMod-character\src\main\java\inklingmod\cards\Inkzooka.java
C:\Users\bigjo\Documents\STS Custom character stuff\Inkling\mod\BasicMod-character\src\main\java\inklingmod\cards\killerWail.java
C:\Users\bigjo\Documents\STS Custom character stuff\Inkling\mod\BasicMod-character\src\main\java\inklingmod\cards\mainInkRecovery.java
C:\Users\bigjo\Documents\STS Custom character stuff\Inkling\mod\BasicMod-character\src\main\java\inklingmod\cards\preparation.java
C:\Users\bigjo\Documents\STS Custom character stuff\Inkling\mod\BasicMod-character\src\main\java\inklingmod\cards\quickSwim.java
C:\Users\bigjo\Documents\STS Custom character stuff\Inkling\mod\BasicMod-character\src\main\java\inklingmod\cards\Refill.java
C:\Users\bigjo\Documents\STS Custom character stuff\Inkling\mod\BasicMod-character\src\main\java\inklingmod\cards\runSpeedUp.java
C:\Users\bigjo\Documents\STS Custom character stuff\Inkling\mod\BasicMod-character\src\main\java\inklingmod\cards\Search.java
C:\Users\bigjo\Documents\STS Custom character stuff\Inkling\mod\BasicMod-character\src\main\java\inklingmod\cards\splashDown.java
C:\Users\bigjo\Documents\STS Custom character stuff\Inkling\mod\BasicMod-character\src\main\java\inklingmod\cards\splashWall.java
C:\Users\bigjo\Documents\STS Custom character stuff\Inkling\mod\BasicMod-character\src\main\java\inklingmod\cards\SplatBomb.java
C:\Users\bigjo\Documents\STS Custom character stuff\Inkling\mod\BasicMod-character\src\main\java\inklingmod\cards\splatRoller.java
C:\Users\bigjo\Documents\STS Custom character stuff\Inkling\mod\BasicMod-character\src\main\java\inklingmod\cards\stickIntoInk.java
C:\Users\bigjo\Documents\STS Custom character stuff\Inkling\mod\BasicMod-character\src\main\java\inklingmod\cards\Strike.java
C:\Users\bigjo\Documents\STS Custom character stuff\Inkling\mod\BasicMod-character\src\main\java\inklingmod\cards\superJump.java
C:\Users\bigjo\Documents\STS Custom character stuff\Inkling\mod\BasicMod-character\src\main\java\inklingmod\character\InklingCharacter.java
C:\Users\bigjo\Documents\STS Custom character stuff\Inkling\mod\BasicMod-character\src\main\java\inklingmod\inklingMod.java
C:\Users\bigjo\Documents\STS Custom character stuff\Inkling\mod\BasicMod-character\src\main\java\inklingmod\Messages.java
C:\Users\bigjo\Documents\STS Custom character stuff\Inkling\mod\BasicMod-character\src\main\java\inklingmod\potions\BasePotion.java
C:\Users\bigjo\Documents\STS Custom character stuff\Inkling\mod\BasicMod-character\src\main\java\inklingmod\potions\inkPotion.java
C:\Users\bigjo\Documents\STS Custom character stuff\Inkling\mod\BasicMod-character\src\main\java\inklingmod\powers\aggressiveMovementPower.java
C:\Users\bigjo\Documents\STS Custom character stuff\Inkling\mod\BasicMod-character\src\main\java\inklingmod\powers\BasePower.java
C:\Users\bigjo\Documents\STS Custom character stuff\Inkling\mod\BasicMod-character\src\main\java\inklingmod\powers\evasiveMovementPower.java
C:\Users\bigjo\Documents\STS Custom character stuff\Inkling\mod\BasicMod-character\src\main\java\inklingmod\powers\inkPower.java
C:\Users\bigjo\Documents\STS Custom character stuff\Inkling\mod\BasicMod-character\src\main\java\inklingmod\powers\inkRecoveryPower.java
C:\Users\bigjo\Documents\STS Custom character stuff\Inkling\mod\BasicMod-character\src\main\java\inklingmod\relics\BaseRelic.java
C:\Users\bigjo\Documents\STS Custom character stuff\Inkling\mod\BasicMod-character\src\main\java\inklingmod\relics\inkMotivator.java
C:\Users\bigjo\Documents\STS Custom character stuff\Inkling\mod\BasicMod-character\src\main\java\inklingmod\relics\inkSaver.java
C:\Users\bigjo\Documents\STS Custom character stuff\Inkling\mod\BasicMod-character\src\main\java\inklingmod\relics\inkTank.java
C:\Users\bigjo\Documents\STS Custom character stuff\Inkling\mod\BasicMod-character\src\main\java\inklingmod\relics\inkVial.java
C:\Users\bigjo\Documents\STS Custom character stuff\Inkling\mod\BasicMod-character\src\main\java\inklingmod\relics\megaInkTank.java
C:\Users\bigjo\Documents\STS Custom character stuff\Inkling\mod\BasicMod-character\src\main\java\inklingmod\relics\motivatedFlowState.java
C:\Users\bigjo\Documents\STS Custom character stuff\Inkling\mod\BasicMod-character\src\main\java\inklingmod\relics\refillSpecialist.java
C:\Users\bigjo\Documents\STS Custom character stuff\Inkling\mod\BasicMod-character\src\main\java\inklingmod\relics\ultimateWeapon.java
C:\Users\bigjo\Documents\STS Custom character stuff\Inkling\mod\BasicMod-character\src\main\java\inklingmod\Tags.java
C:\Users\bigjo\Documents\STS Custom character stuff\Inkling\mod\BasicMod-character\src\main\java\inklingmod\util\CardStats.java
C:\Users\bigjo\Documents\STS Custom character stuff\Inkling\mod\BasicMod-character\src\main\java\inklingmod\util\EasyXCostAction.java
C:\Users\bigjo\Documents\STS Custom character stuff\Inkling\mod\BasicMod-character\src\main\java\inklingmod\util\GashActionFlow.java
C:\Users\bigjo\Documents\STS Custom character stuff\Inkling\mod\BasicMod-character\src\main\java\inklingmod\util\GeneralUtils.java
C:\Users\bigjo\Documents\STS Custom character stuff\Inkling\mod\BasicMod-character\src\main\java\inklingmod\util\KeywordInfo.java
C:\Users\bigjo\Documents\STS Custom character stuff\Inkling\mod\BasicMod-character\src\main\java\inklingmod\util\Sounds.java
C:\Users\bigjo\Documents\STS Custom character stuff\Inkling\mod\BasicMod-character\src\main\java\inklingmod\util\specialFunctions.java
C:\Users\bigjo\Documents\STS Custom character stuff\Inkling\mod\BasicMod-character\src\main\java\inklingmod\util\TextureLoader.java
C:\Users\bigjo\Documents\STS Custom character stuff\Inkling\mod\BasicMod-character\src\main\java\inklingmod\util\TriFunction.java
